2026-08-11T15:13:33.450671  [ThemeRuleEngine] === DÉBUT ÉVALUATION idTheme=10502 36 règles ===
2026-08-11T15:13:33.450730  [ThemeRuleEngine] idCamp=2 idEtab=21739 idQst=10502 codeEtab=21739 codeTypeAnnee=21 formData=11 champs
2026-08-11T15:13:33.569959  [ThemeRuleEngine] SAVEPOINT "theme_rule_eval" ouvert — 11/11 champs injectés
2026-08-11T15:13:33.570095  
[ThemeRuleEngine] --- Règle 711 (ordre=0) ---
2026-08-11T15:13:33.570117  [ThemeRuleEngine] SQL (début): SELECT DONNEES_ETABLISSEMENT.CODE_ETABLISSEMENT
FROM DONNEES_ETABLISSEMENT
WHERE (((DONNEES_ETABLISSEMENT.ELECTRICITE)=0 Or (DONNEES_ETABLISSEMENT.ELECTRICITE) Is Null) AND ((DONNEES_ETABLISSEMENT.F
2026-08-11T15:13:33.572958  [ThemeRuleEngine] règle 711 MODE ASSOC → règle associée=404 critere="="
2026-08-11T15:13:33.580620  [ThemeRuleEngine] règle 711: règle associée 404 introuvable et sql_assoc vide → règle ignorée (pas de fallback EXISTS abusif)
2026-08-11T15:13:33.580868  
[ThemeRuleEngine] --- Règle 712 (ordre=1) ---
2026-08-11T15:13:33.580890  [ThemeRuleEngine] SQL (début): SELECT DONNEES_ETABLISSEMENT.CODE_ETABLISSEMENT
FROM DONNEES_ETABLISSEMENT
WHERE (((DONNEES_ETABLISSEMENT.LATRINES_DISPOSE)=0 Or (DONNEES_ETABLISSEMENT.LATRINES_DISPOSE) Is Null) AND ((DONNEES_ETABL
2026-08-11T15:13:33.583614  [ThemeRuleEngine] règle 712 MODE ASSOC → règle associée=404 critere="="
2026-08-11T15:13:33.587273  [ThemeRuleEngine] règle 712: règle associée 404 introuvable et sql_assoc vide → règle ignorée (pas de fallback EXISTS abusif)
2026-08-11T15:13:33.587463  
[ThemeRuleEngine] --- Règle 713 (ordre=2) ---
2026-08-11T15:13:33.587490  [ThemeRuleEngine] SQL (début): SELECT CODE_ETABLISSEMENT
FROM   DONNEES_ETABLISSEMENT
WHERE (EAU_POTABLE = 0 OR
             EAU_POTABLE IS NULL) AND (FONCT_ALIMENT_EAU = 1) OR
             (EAU_POTABLE = 1) AND (FONCT_ALIMENT_
2026-08-11T15:13:33.589378  [ThemeRuleEngine] règle 713 MODE ASSOC → règle associée=404 critere="="
2026-08-11T15:13:33.592466  [ThemeRuleEngine] règle 713: règle associée 404 introuvable et sql_assoc vide → règle ignorée (pas de fallback EXISTS abusif)
2026-08-11T15:13:33.592560  
[ThemeRuleEngine] --- Règle 714 (ordre=3) ---
2026-08-11T15:13:33.592586  [ThemeRuleEngine] SQL (début): SELECT CODE_ETABLISSEMENT
FROM   DONNEES_ETABLISSEMENT
WHERE (EXISTE_LAVAGE_MAINS = 0 OR
             EXISTE_LAVAGE_MAINS IS NULL) AND (LAVAGE_MAINS_PROX_LATRINES = 1) OR
             (EXISTE_LAVA
2026-08-11T15:13:33.606906  [ThemeRuleEngine] règle 714 MODE ASSOC → règle associée=404 critere="="
2026-08-11T15:13:33.616180  [ThemeRuleEngine] règle 714: règle associée 404 introuvable et sql_assoc vide → règle ignorée (pas de fallback EXISTS abusif)
2026-08-11T15:13:33.616255  
[ThemeRuleEngine] --- Règle 715 (ordre=4) ---
2026-08-11T15:13:33.616272  [ThemeRuleEngine] SQL (début): SELECT CODE_ETABLISSEMENT
FROM   DONNEES_ETABLISSEMENT
WHERE (EXISTE_LAVAGE_MAINS = 0 OR
             EXISTE_LAVAGE_MAINS IS NULL) AND (NB_INSTALL_LAVAGE_MAINS_T IS NOT NULL) OR
             (EXIS
2026-08-11T15:13:33.620032  [ThemeRuleEngine] règle 715 MODE ASSOC → règle associée=404 critere="="
2026-08-11T15:13:33.622721  [ThemeRuleEngine] règle 715: règle associée 404 introuvable et sql_assoc vide → règle ignorée (pas de fallback EXISTS abusif)
2026-08-11T15:13:33.622826  
[ThemeRuleEngine] --- Règle 716 (ordre=5) ---
2026-08-11T15:13:33.622894  [ThemeRuleEngine] SQL (début): SELECT Sum(DONNEES_ETABLISSEMENT.NB_LATRINES_ELEVES) AS SommeDeNB_LATRINES_ELEVES
FROM DONNEES_ETABLISSEMENT
WHERE (((DONNEES_ETABLISSEMENT.CODE_ETABLISSEMENT)=21739) AND ((DONNEES_ETABLISSEMENT.COD
2026-08-11T15:13:33.626235  [SqlTranslator] after param substitution: codeEtab=21739 codeTypeAnnee=21
2026-08-11T15:13:33.627024  [SqlTranslator] fields extracted for CTE: {CODE_ETABLISSEMENT, CODE_TYPE_ANNEE, CODE_ADMINISTRATIF, NB_LATRINES_ELEVES}
2026-08-11T15:13:33.627631  [SqlTranslator] stripping context-only WHERE:  (((CODE_ETABLISSEMENT)=21739) AND ((CODE_TYPE_ANNEE)=21))
2026-08-11T15:13:33.627709  [SqlTranslator] SCALAR: building multi-column-safe wrapper
2026-08-11T15:13:33.627745  [SqlTranslator] translated SQL (isScalar=true):
WITH _cd AS (
  SELECT field_name, field_value
  FROM collected_data
  WHERE id_camp='2' AND id_etab='21739'
    AND id_qst='10502'
    AND id IN (
      SELECT MAX(id) FROM collected_data
      WHERE id_camp='2' AND id_etab='21739'
        AND id_qst='10502'
      GROUP BY UPPER(field_name)
    )
  UNION ALL
  SELECT field_name, field_value
  FROM collected_data
  WHERE id_camp='2' AND id_etab='21739'
    AND id_qst != '10502'
    AND UPPER(field_name) NOT IN (
      SELECT UPPER(field_name) FROM collected_data
      WHERE id_camp='2' AND id_etab='21739'
        AND id_qst='10502'
    )
    AND id IN (
      SELECT MAX(id) FROM collected_data
      WHERE id_camp='2' AND id_etab='21739'
        AND id_qst != '10502'
      GROUP BY UPPER(field_name)
    )
),
DONNEES_ETABLISSEMENT AS (
  SELECT
    MAX(CASE WHEN UPPER(field_name)='CODE_ETABLISSEMENT' THEN field_value END) AS CODE_ETABLISSEMENT,
    MAX(CASE WHEN UPPER(field_name)='CODE_TYPE_ANNEE' THEN field_value END) AS CODE_TYPE_ANNEE,
    MAX(CASE WHEN UPPER(field_name)='CODE_ADMINISTRATIF' THEN field_value END) AS CODE_ADMINISTRATIF,
    MAX(CASE WHEN UPPER(field_name) LIKE 'NB_LATRINES_ELEVES_0' THEN CAST(field_value AS REAL) END) AS NB_LATRINES_ELEVES
  FROM _cd
)
SELECT * FROM (
SELECT Sum(NB_LATRINES_ELEVES) AS SommeDeNB_LATRINES_ELEVES
FROM DONNEES_ETABLISSEMENT

) _scalar LIMIT 1
2026-08-11T15:13:33.638450  [ThemeRuleEngine] ✓ règle 716 OK (scalar=0.0)
2026-08-11T15:13:33.638541  
[ThemeRuleEngine] --- Règle 717 (ordre=6) ---
2026-08-11T15:13:33.638576  [ThemeRuleEngine] SQL (début): SELECT Sum(DONNEES_ETABLISSEMENT.NB_LATRINES_FILLES) AS SommeDeNB_LATRINES_FILLES
FROM DONNEES_ETABLISSEMENT
WHERE (((DONNEES_ETABLISSEMENT.CODE_ETABLISSEMENT)=21739) AND ((DONNEES_ETABLISSEMENT.COD
2026-08-11T15:13:33.647981  [ThemeRuleEngine] règle 717 MODE ASSOC → règle associée=12 critere="<="
2026-08-11T15:13:33.650568  [ThemeRuleEngine] règle 717: règle associée 12 introuvable et sql_assoc vide → règle ignorée (pas de fallback EXISTS abusif)
2026-08-11T15:13:33.650658  
[ThemeRuleEngine] --- Règle 718 (ordre=7) ---
2026-08-11T15:13:33.650679  [ThemeRuleEngine] SQL (début): SELECT Sum(DONNEES_ETABLISSEMENT.NB_LATRINES_BON_ETAT) AS SommeDeNB_LATRINES_BON_ETAT
FROM DONNEES_ETABLISSEMENT
WHERE (((DONNEES_ETABLISSEMENT.CODE_ETABLISSEMENT)=21739) AND ((DONNEES_ETABLISSEMENT
2026-08-11T15:13:33.652232  [ThemeRuleEngine] règle 718 MODE ASSOC → règle associée=12 critere="<="
2026-08-11T15:13:33.654348  [ThemeRuleEngine] règle 718: règle associée 12 introuvable et sql_assoc vide → règle ignorée (pas de fallback EXISTS abusif)
2026-08-11T15:13:33.654463  
[ThemeRuleEngine] --- Règle 719 (ordre=8) ---
2026-08-11T15:13:33.654481  [ThemeRuleEngine] SQL (début): SELECT Sum(DONNEES_ETABLISSEMENT.NB_LATRINES_BON_ETAT_F) AS SommeDeNB_LATRINES_BON_ETAT_F
FROM DONNEES_ETABLISSEMENT
WHERE (((DONNEES_ETABLISSEMENT.CODE_ETABLISSEMENT)=21739) AND ((DONNEES_ETABLISSE
2026-08-11T15:13:33.657771  [ThemeRuleEngine] règle 719 MODE ASSOC → règle associée=13 critere="<="
2026-08-11T15:13:33.667601  [ThemeRuleEngine] règle 719: règle associée 13 introuvable et sql_assoc vide → règle ignorée (pas de fallback EXISTS abusif)
2026-08-11T15:13:33.667668  
[ThemeRuleEngine] --- Règle 720 (ordre=9) ---
2026-08-11T15:13:33.667689  [ThemeRuleEngine] SQL (début): SELECT Sum(DONNEES_ETABLISSEMENT.NB_LATRINES_TOTAL_HANDI) AS SommeDeNB_LATRINES_TOTAL_HANDI
FROM DONNEES_ETABLISSEMENT
WHERE (((DONNEES_ETABLISSEMENT.CODE_ETABLISSEMENT)=21739) AND ((DONNEES_ETABLIS
2026-08-11T15:13:33.671516  [SqlTranslator] after param substitution: codeEtab=21739 codeTypeAnnee=21
2026-08-11T15:13:33.671689  [SqlTranslator] fields extracted for CTE: {CODE_ETABLISSEMENT, CODE_TYPE_ANNEE, CODE_ADMINISTRATIF, NB_LATRINES_TOTAL_HANDI}
2026-08-11T15:13:33.671836  [SqlTranslator] stripping context-only WHERE:  (((CODE_ETABLISSEMENT)=21739) AND ((CODE_TYPE_ANNEE)=21))
2026-08-11T15:13:33.671877  [SqlTranslator] SCALAR: building multi-column-safe wrapper
2026-08-11T15:13:33.671899  [SqlTranslator] translated SQL (isScalar=true):
WITH _cd AS (
  SELECT field_name, field_value
  FROM collected_data
  WHERE id_camp='2' AND id_etab='21739'
    AND id_qst='10502'
    AND id IN (
      SELECT MAX(id) FROM collected_data
      WHERE id_camp='2' AND id_etab='21739'
        AND id_qst='10502'
      GROUP BY UPPER(field_name)
    )
  UNION ALL
  SELECT field_name, field_value
  FROM collected_data
  WHERE id_camp='2' AND id_etab='21739'
    AND id_qst != '10502'
    AND UPPER(field_name) NOT IN (
      SELECT UPPER(field_name) FROM collected_data
      WHERE id_camp='2' AND id_etab='21739'
        AND id_qst='10502'
    )
    AND id IN (
      SELECT MAX(id) FROM collected_data
      WHERE id_camp='2' AND id_etab='21739'
        AND id_qst != '10502'
      GROUP BY UPPER(field_name)
    )
),
DONNEES_ETABLISSEMENT AS (
  SELECT
    MAX(CASE WHEN UPPER(field_name)='CODE_ETABLISSEMENT' THEN field_value END) AS CODE_ETABLISSEMENT,
    MAX(CASE WHEN UPPER(field_name)='CODE_TYPE_ANNEE' THEN field_value END) AS CODE_TYPE_ANNEE,
    MAX(CASE WHEN UPPER(field_name)='CODE_ADMINISTRATIF' THEN field_value END) AS CODE_ADMINISTRATIF,
    MAX(CASE WHEN UPPER(field_name) LIKE 'NB_LATRINES_TOTAL_HANDI_0' THEN CAST(field_value AS REAL) END) AS NB_LATRINES_TOTAL_HANDI
  FROM _cd
)
SELECT * FROM (
SELECT Sum(NB_LATRINES_TOTAL_HANDI) AS SommeDeNB_LATRINES_TOTAL_HANDI
FROM DONNEES_ETABLISSEMENT

) _scalar LIMIT 1
2026-08-11T15:13:33.676181  [ThemeRuleEngine] ✓ règle 720 OK (scalar=0.0)
2026-08-11T15:13:33.676263  
[ThemeRuleEngine] --- Règle 721 (ordre=10) ---
2026-08-11T15:13:33.676290  [ThemeRuleEngine] SQL (début): SELECT Sum(DONNEES_ETABLISSEMENT.NB_LATRINES_FILLES_HANDI) AS SommeDeNB_LATRINES_FILLES_HANDI
FROM DONNEES_ETABLISSEMENT
WHERE (((DONNEES_ETABLISSEMENT.CODE_ETABLISSEMENT)=21739) AND ((DONNEES_ETABL
2026-08-11T15:13:33.685017  [ThemeRuleEngine] règle 721 MODE ASSOC → règle associée=16 critere="<="
2026-08-11T15:13:33.686612  [ThemeRuleEngine] règle 721: règle associée 16 introuvable et sql_assoc vide → règle ignorée (pas de fallback EXISTS abusif)
2026-08-11T15:13:33.686662  
[ThemeRuleEngine] --- Règle 722 (ordre=11) ---
2026-08-11T15:13:33.686678  [ThemeRuleEngine] SQL (début): SELECT Sum(DONNEES_ETABLISSEMENT.NB_LATRINES_BON_ETAT_HANDI) AS SommeDeNB_LATRINES_BON_ETAT_HANDI
FROM DONNEES_ETABLISSEMENT
WHERE (((DONNEES_ETABLISSEMENT.CODE_ETABLISSEMENT)=21739) AND ((DONNEES_E
2026-08-11T15:13:33.690094  [ThemeRuleEngine] règle 722 MODE ASSOC → règle associée=16 critere="<="
2026-08-11T15:13:33.695844  [ThemeRuleEngine] règle 722: règle associée 16 introuvable et sql_assoc vide → règle ignorée (pas de fallback EXISTS abusif)
2026-08-11T15:13:33.695907  
[ThemeRuleEngine] --- Règle 723 (ordre=12) ---
2026-08-11T15:13:33.695924  [ThemeRuleEngine] SQL (début): SELECT Sum(DONNEES_ETABLISSEMENT.NB_LATRIN_BON_ETAT_HANDI_F) AS SommeDeNB_LATRIN_BON_ETAT_HANDI_F
FROM DONNEES_ETABLISSEMENT
WHERE (((DONNEES_ETABLISSEMENT.CODE_ETABLISSEMENT)=21739) AND ((DONNEES_E
2026-08-11T15:13:33.698425  [ThemeRuleEngine] règle 723 MODE ASSOC → règle associée=18 critere="<="
2026-08-11T15:13:33.701971  [ThemeRuleEngine] règle 723: règle associée 18 introuvable et sql_assoc vide → règle ignorée (pas de fallback EXISTS abusif)
2026-08-11T15:13:33.702081  
[ThemeRuleEngine] --- Règle 724 (ordre=13) ---
2026-08-11T15:13:33.702130  [ThemeRuleEngine] SQL (début): SELECT CODE_ETABLISSEMENT
FROM   DONNEES_ETABLISSEMENT
WHERE (DISPOSE_LATRINES_HANDI = 0 OR
             DISPOSE_LATRINES_HANDI IS NULL) AND (NB_LATRINES_TOTAL_HANDI IS NOT NULL) OR
             (
2026-08-11T15:13:33.721160  [ThemeRuleEngine] règle 724 MODE ASSOC → règle associée=404 critere="="
2026-08-11T15:13:33.728246  [ThemeRuleEngine] règle 724: règle associée 404 introuvable et sql_assoc vide → règle ignorée (pas de fallback EXISTS abusif)
2026-08-11T15:13:33.728306  
[ThemeRuleEngine] --- Règle 725 (ordre=14) ---
2026-08-11T15:13:33.728323  [ThemeRuleEngine] SQL (début): SELECT Sum(DONNEES_ETABLISSEMENT.NB_INSTALL_LAVAGE_MAINS_T) AS SommeDeNB_INSTALL_LAVAGE_MAINS_T
FROM DONNEES_ETABLISSEMENT
WHERE (((DONNEES_ETABLISSEMENT.CODE_ETABLISSEMENT)=21739) AND ((DONNEES_ETA
2026-08-11T15:13:33.730033  [SqlTranslator] after param substitution: codeEtab=21739 codeTypeAnnee=21
2026-08-11T15:13:33.730292  [SqlTranslator] fields extracted for CTE: {CODE_ETABLISSEMENT, CODE_TYPE_ANNEE, CODE_ADMINISTRATIF, NB_INSTALL_LAVAGE_MAINS_T}
2026-08-11T15:13:33.730515  [SqlTranslator] stripping context-only WHERE:  (((CODE_ETABLISSEMENT)=21739) AND ((CODE_TYPE_ANNEE)=21))
2026-08-11T15:13:33.730571  [SqlTranslator] SCALAR: building multi-column-safe wrapper
2026-08-11T15:13:33.730594  [SqlTranslator] translated SQL (isScalar=true):
WITH _cd AS (
  SELECT field_name, field_value
  FROM collected_data
  WHERE id_camp='2' AND id_etab='21739'
    AND id_qst='10502'
    AND id IN (
      SELECT MAX(id) FROM collected_data
      WHERE id_camp='2' AND id_etab='21739'
        AND id_qst='10502'
      GROUP BY UPPER(field_name)
    )
  UNION ALL
  SELECT field_name, field_value
  FROM collected_data
  WHERE id_camp='2' AND id_etab='21739'
    AND id_qst != '10502'
    AND UPPER(field_name) NOT IN (
      SELECT UPPER(field_name) FROM collected_data
      WHERE id_camp='2' AND id_etab='21739'
        AND id_qst='10502'
    )
    AND id IN (
      SELECT MAX(id) FROM collected_data
      WHERE id_camp='2' AND id_etab='21739'
        AND id_qst != '10502'
      GROUP BY UPPER(field_name)
    )
),
DONNEES_ETABLISSEMENT AS (
  SELECT
    MAX(CASE WHEN UPPER(field_name)='CODE_ETABLISSEMENT' THEN field_value END) AS CODE_ETABLISSEMENT,
    MAX(CASE WHEN UPPER(field_name)='CODE_TYPE_ANNEE' THEN field_value END) AS CODE_TYPE_ANNEE,
    MAX(CASE WHEN UPPER(field_name)='CODE_ADMINISTRATIF' THEN field_value END) AS CODE_ADMINISTRATIF,
    MAX(CASE WHEN UPPER(field_name) LIKE 'NB_INSTALL_LAVAGE_MAINS_T_0' THEN CAST(field_value AS REAL) END) AS NB_INSTALL_LAVAGE_MAINS_T
  FROM _cd
)
SELECT * FROM (
SELECT Sum(NB_INSTALL_LAVAGE_MAINS_T) AS SommeDeNB_INSTALL_LAVAGE_MAINS_T
FROM DONNEES_ETABLISSEMENT

) _scalar LIMIT 1
2026-08-11T15:13:33.733273  [ThemeRuleEngine] ✓ règle 725 OK (scalar=0.0)
2026-08-11T15:13:33.733422  
[ThemeRuleEngine] --- Règle 726 (ordre=15) ---
2026-08-11T15:13:33.733429  [ThemeRuleEngine] SQL (début): SELECT Sum(DONNEES_ETABLISSEMENT.NB_INSTALL_LAVAGE_MAINS_F) AS SommeDeNB_INSTALL_LAVAGE_MAINS_F
FROM DONNEES_ETABLISSEMENT
WHERE (((DONNEES_ETABLISSEMENT.CODE_ETABLISSEMENT)=21739) AND ((DONNEES_ETA
2026-08-11T15:13:33.734683  [SqlTranslator] after param substitution: codeEtab=21739 codeTypeAnnee=21
2026-08-11T15:13:33.734879  [SqlTranslator] fields extracted for CTE: {CODE_ETABLISSEMENT, CODE_TYPE_ANNEE, CODE_ADMINISTRATIF, NB_INSTALL_LAVAGE_MAINS_F}
2026-08-11T15:13:33.735035  [SqlTranslator] stripping context-only WHERE:  (((CODE_ETABLISSEMENT)=21739) AND ((CODE_TYPE_ANNEE)=21))
2026-08-11T15:13:33.735074  [SqlTranslator] SCALAR: building multi-column-safe wrapper
2026-08-11T15:13:33.735103  [SqlTranslator] translated SQL (isScalar=true):
WITH _cd AS (
  SELECT field_name, field_value
  FROM collected_data
  WHERE id_camp='2' AND id_etab='21739'
    AND id_qst='10502'
    AND id IN (
      SELECT MAX(id) FROM collected_data
      WHERE id_camp='2' AND id_etab='21739'
        AND id_qst='10502'
      GROUP BY UPPER(field_name)
    )
  UNION ALL
  SELECT field_name, field_value
  FROM collected_data
  WHERE id_camp='2' AND id_etab='21739'
    AND id_qst != '10502'
    AND UPPER(field_name) NOT IN (
      SELECT UPPER(field_name) FROM collected_data
      WHERE id_camp='2' AND id_etab='21739'
        AND id_qst='10502'
    )
    AND id IN (
      SELECT MAX(id) FROM collected_data
      WHERE id_camp='2' AND id_etab='21739'
        AND id_qst != '10502'
      GROUP BY UPPER(field_name)
    )
),
DONNEES_ETABLISSEMENT AS (
  SELECT
    MAX(CASE WHEN UPPER(field_name)='CODE_ETABLISSEMENT' THEN field_value END) AS CODE_ETABLISSEMENT,
    MAX(CASE WHEN UPPER(field_name)='CODE_TYPE_ANNEE' THEN field_value END) AS CODE_TYPE_ANNEE,
    MAX(CASE WHEN UPPER(field_name)='CODE_ADMINISTRATIF' THEN field_value END) AS CODE_ADMINISTRATIF,
    MAX(CASE WHEN UPPER(field_name) LIKE 'NB_INSTALL_LAVAGE_MAINS_F_0' THEN CAST(field_value AS REAL) END) AS NB_INSTALL_LAVAGE_MAINS_F
  FROM _cd
)
SELECT * FROM (
SELECT Sum(NB_INSTALL_LAVAGE_MAINS_F) AS SommeDeNB_INSTALL_LAVAGE_MAINS_F
FROM DONNEES_ETABLISSEMENT

) _scalar LIMIT 1
2026-08-11T15:13:33.737392  [ThemeRuleEngine] ✓ règle 726 OK (scalar=0.0)
2026-08-11T15:13:33.737447  
[ThemeRuleEngine] --- Règle 727 (ordre=16) ---
2026-08-11T15:13:33.737470  [ThemeRuleEngine] SQL (début): SELECT Sum(DONNEES_ETABLISSEMENT.NB_LAVAGE_MAINS_FONCT_T) AS SommeDeNB_LAVAGE_MAINS_FONCT_T
FROM DONNEES_ETABLISSEMENT
WHERE (((DONNEES_ETABLISSEMENT.CODE_ETABLISSEMENT)=21739) AND ((DONNEES_ETABLIS
2026-08-11T15:13:33.738970  [SqlTranslator] after param substitution: codeEtab=21739 codeTypeAnnee=21
2026-08-11T15:13:33.739162  [SqlTranslator] fields extracted for CTE: {CODE_ETABLISSEMENT, CODE_TYPE_ANNEE, CODE_ADMINISTRATIF, NB_LAVAGE_MAINS_FONCT_T}
2026-08-11T15:13:33.739331  [SqlTranslator] stripping context-only WHERE:  (((CODE_ETABLISSEMENT)=21739) AND ((CODE_TYPE_ANNEE)=21))
2026-08-11T15:13:33.739378  [SqlTranslator] SCALAR: building multi-column-safe wrapper
2026-08-11T15:13:33.739481  [SqlTranslator] translated SQL (isScalar=true):
WITH _cd AS (
  SELECT field_name, field_value
  FROM collected_data
  WHERE id_camp='2' AND id_etab='21739'
    AND id_qst='10502'
    AND id IN (
      SELECT MAX(id) FROM collected_data
      WHERE id_camp='2' AND id_etab='21739'
        AND id_qst='10502'
      GROUP BY UPPER(field_name)
    )
  UNION ALL
  SELECT field_name, field_value
  FROM collected_data
  WHERE id_camp='2' AND id_etab='21739'
    AND id_qst != '10502'
    AND UPPER(field_name) NOT IN (
      SELECT UPPER(field_name) FROM collected_data
      WHERE id_camp='2' AND id_etab='21739'
        AND id_qst='10502'
    )
    AND id IN (
      SELECT MAX(id) FROM collected_data
      WHERE id_camp='2' AND id_etab='21739'
        AND id_qst != '10502'
      GROUP BY UPPER(field_name)
    )
),
DONNEES_ETABLISSEMENT AS (
  SELECT
    MAX(CASE WHEN UPPER(field_name)='CODE_ETABLISSEMENT' THEN field_value END) AS CODE_ETABLISSEMENT,
    MAX(CASE WHEN UPPER(field_name)='CODE_TYPE_ANNEE' THEN field_value END) AS CODE_TYPE_ANNEE,
    MAX(CASE WHEN UPPER(field_name)='CODE_ADMINISTRATIF' THEN field_value END) AS CODE_ADMINISTRATIF,
    MAX(CASE WHEN UPPER(field_name) LIKE 'NB_LAVAGE_MAINS_FONCT_T_0' THEN CAST(field_value AS REAL) END) AS NB_LAVAGE_MAINS_FONCT_T
  FROM _cd
)
SELECT * FROM (
SELECT Sum(NB_LAVAGE_MAINS_FONCT_T) AS SommeDeNB_LAVAGE_MAINS_FONCT_T
FROM DONNEES_ETABLISSEMENT

) _scalar LIMIT 1
2026-08-11T15:13:33.745856  [ThemeRuleEngine] ✓ règle 727 OK (scalar=0.0)
2026-08-11T15:13:33.745944  
[ThemeRuleEngine] --- Règle 728 (ordre=17) ---
2026-08-11T15:13:33.745961  [ThemeRuleEngine] SQL (début): SELECT Sum(DONNEES_ETABLISSEMENT.NB_LAVAGE_MAINS_FONCT_F) AS SommeDeNB_LAVAGE_MAINS_FONCT_F
FROM DONNEES_ETABLISSEMENT
WHERE (((DONNEES_ETABLISSEMENT.CODE_ETABLISSEMENT)=21739) AND ((DONNEES_ETABLIS
2026-08-11T15:13:33.748225  [ThemeRuleEngine] règle 728 MODE ASSOC → règle associée=23 critere="<="
2026-08-11T15:13:33.750356  [ThemeRuleEngine] règle 728: règle associée 23 introuvable et sql_assoc vide → règle ignorée (pas de fallback EXISTS abusif)
2026-08-11T15:13:33.750403  
[ThemeRuleEngine] --- Règle 729 (ordre=18) ---
2026-08-11T15:13:33.750422  [ThemeRuleEngine] SQL (début): SELECT CODE_ETABLISSEMENT
FROM   DONNEES_ETABLISSEMENT
WHERE (EXISTE_CPE = 0 OR
             EXISTE_CPE IS NULL) AND (NB_REUNIONS_TENUES IS NOT NULL) OR
             (EXISTE_CPE = 1) AND (NB_REUNI
2026-08-11T15:13:33.752171  [ThemeRuleEngine] règle 729 MODE ASSOC → règle associée=404 critere="="
2026-08-11T15:13:33.754125  [ThemeRuleEngine] règle 729: règle associée 404 introuvable et sql_assoc vide → règle ignorée (pas de fallback EXISTS abusif)
2026-08-11T15:13:33.754178  
[ThemeRuleEngine] --- Règle 730 (ordre=19) ---
2026-08-11T15:13:33.754193  [ThemeRuleEngine] SQL (début): SELECT CODE_ETABLISSEMENT
FROM   DONNEES_ETABLISSEMENT
WHERE (NB_REUNIONS_ANNUELLES IS NOT NULL) AND (EXISTE_COMITE_GESTION = 0 OR
             EXISTE_COMITE_GESTION IS NULL) OR
             (NB_R
2026-08-11T15:13:33.755874  [ThemeRuleEngine] règle 730 MODE ASSOC → règle associée=404 critere="="
2026-08-11T15:13:33.757631  [ThemeRuleEngine] règle 730: règle associée 404 introuvable et sql_assoc vide → règle ignorée (pas de fallback EXISTS abusif)
2026-08-11T15:13:33.757680  
[ThemeRuleEngine] --- Règle 731 (ordre=20) ---
2026-08-11T15:13:33.757699  [ThemeRuleEngine] SQL (début): SELECT CODE_ETABLISSEMENT
FROM   DONNEES_ETABLISSEMENT
WHERE (CG_FORMATION = 0 OR
             CG_FORMATION IS NULL) AND (GESTION_ECOLE_CG = 1) OR
             (CG_FORMATION = 1) AND (GESTION_ECOL
2026-08-11T15:13:33.761779  [ThemeRuleEngine] règle 731 MODE ASSOC → règle associée=404 critere="="
2026-08-11T15:13:33.763704  [ThemeRuleEngine] règle 731: règle associée 404 introuvable et sql_assoc vide → règle ignorée (pas de fallback EXISTS abusif)
2026-08-11T15:13:33.763764  
[ThemeRuleEngine] --- Règle 732 (ordre=21) ---
2026-08-11T15:13:33.763781  [ThemeRuleEngine] SQL (début): SELECT DONNEES_ETABLISSEMENT.CODE_ETABLISSEMENT
FROM DONNEES_ETABLISSEMENT
WHERE (((DONNEES_ETABLISSEMENT.HOME_ENSEIGNANT)=0 Or (DONNEES_ETABLISSEMENT.HOME_ENSEIGNANT) Is Null) AND ((DONNEES_ETABLIS
2026-08-11T15:13:33.765410  [ThemeRuleEngine] règle 732 MODE ASSOC → règle associée=404 critere="="
2026-08-11T15:13:33.767082  [ThemeRuleEngine] règle 732: règle associée 404 introuvable et sql_assoc vide → règle ignorée (pas de fallback EXISTS abusif)
2026-08-11T15:13:33.767142  
[ThemeRuleEngine] --- Règle 734 (ordre=22) ---
2026-08-11T15:13:33.767167  [ThemeRuleEngine] SQL (début): SELECT CODE_ETABLISSEMENT
FROM   DONNEES_ETABLISSEMENT
WHERE (DISPOSE_BIBLIO = 0 OR
             DISPOSE_BIBLIO IS NULL) AND (EXISTE_LOCAL_BIBLIO = 1) OR
             (DISPOSE_BIBLIO = 1) AND (EXI
2026-08-11T15:13:33.769989  [ThemeRuleEngine] règle 734 MODE ASSOC → règle associée=404 critere="="
2026-08-11T15:13:33.773527  [ThemeRuleEngine] règle 734: règle associée 404 introuvable et sql_assoc vide → règle ignorée (pas de fallback EXISTS abusif)
2026-08-11T15:13:33.773610  
[ThemeRuleEngine] --- Règle 735 (ordre=23) ---
2026-08-11T15:13:33.773648  [ThemeRuleEngine] SQL (début): SELECT CODE_ETABLISSEMENT
FROM   DONNEES_ETABLISSEMENT
WHERE (DETECTER_ENFANT_HANDI = 1) AND (CSPEC_DIAGNO_CASDOUTEUX = 1 OR
             CSPEC_DIAGNO_CASDOUTEUX = 0) OR
             (DETECTER_ENF
2026-08-11T15:13:33.777934  [ThemeRuleEngine] règle 735 MODE ASSOC → règle associée=404 critere="="
2026-08-11T15:13:33.779838  [ThemeRuleEngine] règle 735: règle associée 404 introuvable et sql_assoc vide → règle ignorée (pas de fallback EXISTS abusif)
2026-08-11T15:13:33.779898  
[ThemeRuleEngine] --- Règle 736 (ordre=24) ---
2026-08-11T15:13:33.779917  [ThemeRuleEngine] SQL (début): SELECT CODE_ETABLISSEMENT
FROM   DONNEES_ETABLISSEMENT
WHERE (ECOLE_RESEAU_SCOL = 0 OR
             ECOLE_RESEAU_SCOL IS NULL) AND (DISPOSE_LABORATOIRE_RESEAU_SCOL = 1 OR
             DISPOSE_LABO
2026-08-11T15:13:33.781845  [ThemeRuleEngine] règle 736 MODE ASSOC → règle associée=404 critere="="
2026-08-11T15:13:33.783715  [ThemeRuleEngine] règle 736: règle associée 404 introuvable et sql_assoc vide → règle ignorée (pas de fallback EXISTS abusif)
2026-08-11T15:13:33.783787  
[ThemeRuleEngine] --- Règle 737 (ordre=25) ---
2026-08-11T15:13:33.783812  [ThemeRuleEngine] SQL (début): SELECT CODE_ETABLISSEMENT
FROM   DONNEES_ETABLISSEMENT
WHERE (DOMAINE_DELIMITE = 0 OR
             DOMAINE_DELIMITE IS NULL) AND (SUPERFICIE_DOMAINE IS NOT NULL) OR
             (DOMAINE_DELIMITE 
2026-08-11T15:13:33.786658  [ThemeRuleEngine] règle 737 MODE ASSOC → règle associée=404 critere="="
2026-08-11T15:13:33.788452  [ThemeRuleEngine] règle 737: règle associée 404 introuvable et sql_assoc vide → règle ignorée (pas de fallback EXISTS abusif)
2026-08-11T15:13:33.788507  
[ThemeRuleEngine] --- Règle 738 (ordre=26) ---
2026-08-11T15:13:33.788523  [ThemeRuleEngine] SQL (début): SELECT Sum(DONNEES_ETABLISSEMENT.NB_ELEVES_F) AS SommeDeNB_ELEVES_F, Sum(DONNEES_ETABLISSEMENT.NB_ELEVES) AS SommeDeNB_ELEVES
FROM DONNEES_ETABLISSEMENT
GROUP BY DONNEES_ETABLISSEMENT.CODE_ETABLISSE
2026-08-11T15:13:33.790471  [SqlTranslator] after param substitution: codeEtab=21739 codeTypeAnnee=21
2026-08-11T15:13:33.790692  [SqlTranslator] fields extracted for CTE: {CODE_ETABLISSEMENT, CODE_TYPE_ANNEE, CODE_ADMINISTRATIF, NB_ELEVES_F, NB_ELEVES}
2026-08-11T15:13:33.790828  [SqlTranslator] stripping context-only HAVING:  (((CODE_ETABLISSEMENT)=21739) AND ((CODE_TYPE_ANNEE)=21))
ORDER BY CODE_ETABLISSEMENT, CODE_TYPE_ANNEE
2026-08-11T15:13:33.791118  [SqlTranslator] Sum-scalar with context-only GROUP BY detected → GROUP BY stripped → SCALAR mode
2026-08-11T15:13:33.791203  [SqlTranslator] SCALAR: building multi-column-safe wrapper
2026-08-11T15:13:33.791241  [SqlTranslator] translated SQL (isScalar=true):
WITH _cd AS (
  SELECT field_name, field_value
  FROM collected_data
  WHERE id_camp='2' AND id_etab='21739'
    AND id_qst='10502'
    AND id IN (
      SELECT MAX(id) FROM collected_data
      WHERE id_camp='2' AND id_etab='21739'
        AND id_qst='10502'
      GROUP BY UPPER(field_name)
    )
  UNION ALL
  SELECT field_name, field_value
  FROM collected_data
  WHERE id_camp='2' AND id_etab='21739'
    AND id_qst != '10502'
    AND UPPER(field_name) NOT IN (
      SELECT UPPER(field_name) FROM collected_data
      WHERE id_camp='2' AND id_etab='21739'
        AND id_qst='10502'
    )
    AND id IN (
      SELECT MAX(id) FROM collected_data
      WHERE id_camp='2' AND id_etab='21739'
        AND id_qst != '10502'
      GROUP BY UPPER(field_name)
    )
),
DONNEES_ETABLISSEMENT AS (
  SELECT
    MAX(CASE WHEN UPPER(field_name)='CODE_ETABLISSEMENT' THEN field_value END) AS CODE_ETABLISSEMENT,
    MAX(CASE WHEN UPPER(field_name)='CODE_TYPE_ANNEE' THEN field_value END) AS CODE_TYPE_ANNEE,
    MAX(CASE WHEN UPPER(field_name)='CODE_ADMINISTRATIF' THEN field_value END) AS CODE_ADMINISTRATIF,
    MAX(CASE WHEN UPPER(field_name) LIKE 'NB_ELEVES_F_0' THEN CAST(field_value AS REAL) END) AS NB_ELEVES_F,
    MAX(CASE WHEN UPPER(field_name) LIKE 'NB_ELEVES_0' THEN CAST(field_value AS REAL) END) AS NB_ELEVES
  FROM _cd
)
SELECT * FROM (
SELECT Sum(NB_ELEVES_F) AS SommeDeNB_ELEVES_F, Sum(NB_ELEVES) AS SommeDeNB_ELEVES
FROM DONNEES_ETABLISSEMENT
) _scalar LIMIT 1
2026-08-11T15:13:33.796917  [ThemeRuleEngine] ✓ règle 738 OK (scalar=0.0)
2026-08-11T15:13:33.796992  
[ThemeRuleEngine] --- Règle 748 (ordre=27) ---
2026-08-11T15:13:33.797007  [ThemeRuleEngine] SQL (début): SELECT Sum(DONNEES_ETABLISSEMENT.NB_ELEVES_F) AS SommeDeNB_ELEVES_F
FROM DONNEES_ETABLISSEMENT
GROUP BY DONNEES_ETABLISSEMENT.CODE_ETABLISSEMENT, DONNEES_ETABLISSEMENT.CODE_TYPE_ANNEE
HAVING (((DON
2026-08-11T15:13:33.800559  [ThemeRuleEngine] règle 748 MODE ASSOC → règle associée=47 critere="<="
2026-08-11T15:13:33.803133  [ThemeRuleEngine] règle 748: règle associée 47 introuvable et sql_assoc vide → règle ignorée (pas de fallback EXISTS abusif)
2026-08-11T15:13:33.803204  
[ThemeRuleEngine] --- Règle 749 (ordre=28) ---
2026-08-11T15:13:33.803225  [ThemeRuleEngine] SQL (début): SELECT Sum(DONNEES_ETABLISSEMENT.NB_ELEVES) AS SommeDeNB_ELEVES
FROM DONNEES_ETABLISSEMENT
GROUP BY DONNEES_ETABLISSEMENT.CODE_ETABLISSEMENT, DONNEES_ETABLISSEMENT.CODE_TYPE_ANNEE
HAVING (((DONNEES
2026-08-11T15:13:33.804850  [SqlTranslator] after param substitution: codeEtab=21739 codeTypeAnnee=21
2026-08-11T15:13:33.805030  [SqlTranslator] fields extracted for CTE: {CODE_ETABLISSEMENT, CODE_TYPE_ANNEE, CODE_ADMINISTRATIF, NB_ELEVES}
2026-08-11T15:13:33.805212  [SqlTranslator] stripping context-only HAVING:  (((CODE_ETABLISSEMENT)=21739) AND ((CODE_TYPE_ANNEE)=21))
ORDER BY CODE_ETABLISSEMENT, CODE_TYPE_ANNEE
2026-08-11T15:13:33.805282  [SqlTranslator] Sum-scalar with context-only GROUP BY detected → GROUP BY stripped → SCALAR mode
2026-08-11T15:13:33.805307  [SqlTranslator] SCALAR: building multi-column-safe wrapper
2026-08-11T15:13:33.805328  [SqlTranslator] translated SQL (isScalar=true):
WITH _cd AS (
  SELECT field_name, field_value
  FROM collected_data
  WHERE id_camp='2' AND id_etab='21739'
    AND id_qst='10502'
    AND id IN (
      SELECT MAX(id) FROM collected_data
      WHERE id_camp='2' AND id_etab='21739'
        AND id_qst='10502'
      GROUP BY UPPER(field_name)
    )
  UNION ALL
  SELECT field_name, field_value
  FROM collected_data
  WHERE id_camp='2' AND id_etab='21739'
    AND id_qst != '10502'
    AND UPPER(field_name) NOT IN (
      SELECT UPPER(field_name) FROM collected_data
      WHERE id_camp='2' AND id_etab='21739'
        AND id_qst='10502'
    )
    AND id IN (
      SELECT MAX(id) FROM collected_data
      WHERE id_camp='2' AND id_etab='21739'
        AND id_qst != '10502'
      GROUP BY UPPER(field_name)
    )
),
DONNEES_ETABLISSEMENT AS (
  SELECT
    MAX(CASE WHEN UPPER(field_name)='CODE_ETABLISSEMENT' THEN field_value END) AS CODE_ETABLISSEMENT,
    MAX(CASE WHEN UPPER(field_name)='CODE_TYPE_ANNEE' THEN field_value END) AS CODE_TYPE_ANNEE,
    MAX(CASE WHEN UPPER(field_name)='CODE_ADMINISTRATIF' THEN field_value END) AS CODE_ADMINISTRATIF,
    MAX(CASE WHEN UPPER(field_name) LIKE 'NB_ELEVES_0' THEN CAST(field_value AS REAL) END) AS NB_ELEVES
  FROM _cd
)
SELECT * FROM (
SELECT Sum(NB_ELEVES) AS SommeDeNB_ELEVES
FROM DONNEES_ETABLISSEMENT
) _scalar LIMIT 1
2026-08-11T15:13:33.809412  [ThemeRuleEngine] ✓ règle 749 OK (scalar=0.0)
2026-08-11T15:13:33.809642  
[ThemeRuleEngine] --- Règle 750 (ordre=29) ---
2026-08-11T15:13:33.809660  [ThemeRuleEngine] SQL (début): SELECT Sum(DONNEES_ETABLISSEMENT.NB_ENSEIGNANTS) AS SommeDeNB_ENSEIGNANTS
FROM DONNEES_ETABLISSEMENT
GROUP BY DONNEES_ETABLISSEMENT.CODE_ETABLISSEMENT, DONNEES_ETABLISSEMENT.CODE_TYPE_ANNEE
HAVING 
2026-08-11T15:13:33.814254  [SqlTranslator] after param substitution: codeEtab=21739 codeTypeAnnee=21
2026-08-11T15:13:33.814498  [SqlTranslator] fields extracted for CTE: {CODE_ETABLISSEMENT, CODE_TYPE_ANNEE, CODE_ADMINISTRATIF, NB_ENSEIGNANTS}
2026-08-11T15:13:33.814632  [SqlTranslator] stripping context-only HAVING:  (((CODE_ETABLISSEMENT)=21739) AND ((CODE_TYPE_ANNEE)=21))
ORDER BY CODE_ETABLISSEMENT, CODE_TYPE_ANNEE
2026-08-11T15:13:33.814690  [SqlTranslator] Sum-scalar with context-only GROUP BY detected → GROUP BY stripped → SCALAR mode
2026-08-11T15:13:33.814702  [SqlTranslator] SCALAR: building multi-column-safe wrapper
2026-08-11T15:13:33.814736  [SqlTranslator] translated SQL (isScalar=true):
WITH _cd AS (
  SELECT field_name, field_value
  FROM collected_data
  WHERE id_camp='2' AND id_etab='21739'
    AND id_qst='10502'
    AND id IN (
      SELECT MAX(id) FROM collected_data
      WHERE id_camp='2' AND id_etab='21739'
        AND id_qst='10502'
      GROUP BY UPPER(field_name)
    )
  UNION ALL
  SELECT field_name, field_value
  FROM collected_data
  WHERE id_camp='2' AND id_etab='21739'
    AND id_qst != '10502'
    AND UPPER(field_name) NOT IN (
      SELECT UPPER(field_name) FROM collected_data
      WHERE id_camp='2' AND id_etab='21739'
        AND id_qst='10502'
    )
    AND id IN (
      SELECT MAX(id) FROM collected_data
      WHERE id_camp='2' AND id_etab='21739'
        AND id_qst != '10502'
      GROUP BY UPPER(field_name)
    )
),
DONNEES_ETABLISSEMENT AS (
  SELECT
    MAX(CASE WHEN UPPER(field_name)='CODE_ETABLISSEMENT' THEN field_value END) AS CODE_ETABLISSEMENT,
    MAX(CASE WHEN UPPER(field_name)='CODE_TYPE_ANNEE' THEN field_value END) AS CODE_TYPE_ANNEE,
    MAX(CASE WHEN UPPER(field_name)='CODE_ADMINISTRATIF' THEN field_value END) AS CODE_ADMINISTRATIF,
    MAX(CASE WHEN UPPER(field_name) LIKE 'NB_ENSEIGNANTS_0' THEN CAST(field_value AS REAL) END) AS NB_ENSEIGNANTS
  FROM _cd
)
SELECT * FROM (
SELECT Sum(NB_ENSEIGNANTS) AS SommeDeNB_ENSEIGNANTS
FROM DONNEES_ETABLISSEMENT
) _scalar LIMIT 1
2026-08-11T15:13:33.817629  [ThemeRuleEngine] ✓ règle 750 OK (scalar=0.0)
2026-08-11T15:13:33.817696  
[ThemeRuleEngine] --- Règle 751 (ordre=30) ---
2026-08-11T15:13:33.817713  [ThemeRuleEngine] SQL (début): SELECT Sum(DONNEES_ETABLISSEMENT.NB_ENSEIGNANTS_F) AS SommeDeNB_ENSEIGNANTS_F
FROM DONNEES_ETABLISSEMENT
GROUP BY DONNEES_ETABLISSEMENT.CODE_ETABLISSEMENT, DONNEES_ETABLISSEMENT.CODE_TYPE_ANNEE
HAV
2026-08-11T15:13:33.819558  [ThemeRuleEngine] règle 751 MODE ASSOC → règle associée=48 critere="<="
2026-08-11T15:13:33.821503  [ThemeRuleEngine] règle 751: règle associée 48 introuvable et sql_assoc vide → règle ignorée (pas de fallback EXISTS abusif)
2026-08-11T15:13:33.821542  
[ThemeRuleEngine] --- Règle 752 (ordre=31) ---
2026-08-11T15:13:33.821557  [ThemeRuleEngine] SQL (début): SELECT Sum(DONNEES_ETABLISSEMENT.NB_ENSEIGNANTS) AS SommeDeNB_ENSEIGNANTS, Sum(DONNEES_ETABLISSEMENT.NB_ENSEIGNANTS_F) AS SommeDeNB_ENSEIGNANTS_F
FROM DONNEES_ETABLISSEMENT
GROUP BY DONNEES_ETABLISS
2026-08-11T15:13:33.822732  [SqlTranslator] after param substitution: codeEtab=21739 codeTypeAnnee=21
2026-08-11T15:13:33.822917  [SqlTranslator] fields extracted for CTE: {CODE_ETABLISSEMENT, CODE_TYPE_ANNEE, CODE_ADMINISTRATIF, NB_ENSEIGNANTS, NB_ENSEIGNANTS_F}
2026-08-11T15:13:33.823049  [SqlTranslator] stripping context-only HAVING:  (((CODE_ETABLISSEMENT)=21739) AND ((CODE_TYPE_ANNEE)=21))
2026-08-11T15:13:33.823109  [SqlTranslator] Sum-scalar with context-only GROUP BY detected → GROUP BY stripped → SCALAR mode
2026-08-11T15:13:33.823137  [SqlTranslator] SCALAR: building multi-column-safe wrapper
2026-08-11T15:13:33.823160  [SqlTranslator] translated SQL (isScalar=true):
WITH _cd AS (
  SELECT field_name, field_value
  FROM collected_data
  WHERE id_camp='2' AND id_etab='21739'
    AND id_qst='10502'
    AND id IN (
      SELECT MAX(id) FROM collected_data
      WHERE id_camp='2' AND id_etab='21739'
        AND id_qst='10502'
      GROUP BY UPPER(field_name)
    )
  UNION ALL
  SELECT field_name, field_value
  FROM collected_data
  WHERE id_camp='2' AND id_etab='21739'
    AND id_qst != '10502'
    AND UPPER(field_name) NOT IN (
      SELECT UPPER(field_name) FROM collected_data
      WHERE id_camp='2' AND id_etab='21739'
        AND id_qst='10502'
    )
    AND id IN (
      SELECT MAX(id) FROM collected_data
      WHERE id_camp='2' AND id_etab='21739'
        AND id_qst != '10502'
      GROUP BY UPPER(field_name)
    )
),
DONNEES_ETABLISSEMENT AS (
  SELECT
    MAX(CASE WHEN UPPER(field_name)='CODE_ETABLISSEMENT' THEN field_value END) AS CODE_ETABLISSEMENT,
    MAX(CASE WHEN UPPER(field_name)='CODE_TYPE_ANNEE' THEN field_value END) AS CODE_TYPE_ANNEE,
    MAX(CASE WHEN UPPER(field_name)='CODE_ADMINISTRATIF' THEN field_value END) AS CODE_ADMINISTRATIF,
    MAX(CASE WHEN UPPER(field_name) LIKE 'NB_ENSEIGNANTS_0' THEN CAST(field_value AS REAL) END) AS NB_ENSEIGNANTS,
    MAX(CASE WHEN UPPER(field_name) LIKE 'NB_ENSEIGNANTS_F_0' THEN CAST(field_value AS REAL) END) AS NB_ENSEIGNANTS_F
  FROM _cd
)
SELECT * FROM (
SELECT Sum(NB_ENSEIGNANTS) AS SommeDeNB_ENSEIGNANTS, Sum(NB_ENSEIGNANTS_F) AS SommeDeNB_ENSEIGNANTS_F
FROM DONNEES_ETABLISSEMENT
) _scalar LIMIT 1
2026-08-11T15:13:33.828205  [ThemeRuleEngine] ✓ règle 752 OK (scalar=0.0)
2026-08-11T15:13:33.828269  
[ThemeRuleEngine] --- Règle 753 (ordre=32) ---
2026-08-11T15:13:33.828284  [ThemeRuleEngine] SQL (début): SELECT Sum(DONNEES_ETABLISSEMENT.NB_ENSEIGNANTS_BENEVOLES) AS SommeDeNB_ENSEIGNANTS_BENEVOLES
FROM DONNEES_ETABLISSEMENT
GROUP BY DONNEES_ETABLISSEMENT.CODE_ETABLISSEMENT, DONNEES_ETABLISSEMENT.CODE
2026-08-11T15:13:33.830551  [SqlTranslator] after param substitution: codeEtab=21739 codeTypeAnnee=21
2026-08-11T15:13:33.830768  [SqlTranslator] fields extracted for CTE: {CODE_ETABLISSEMENT, CODE_TYPE_ANNEE, CODE_ADMINISTRATIF, NB_ENSEIGNANTS_BENEVOLES}
2026-08-11T15:13:33.830937  [SqlTranslator] stripping context-only HAVING:  (((CODE_ETABLISSEMENT)=21739) AND ((CODE_TYPE_ANNEE)=21))
ORDER BY CODE_ETABLISSEMENT, CODE_TYPE_ANNEE
2026-08-11T15:13:33.831003  [SqlTranslator] Sum-scalar with context-only GROUP BY detected → GROUP BY stripped → SCALAR mode
2026-08-11T15:13:33.831039  [SqlTranslator] SCALAR: building multi-column-safe wrapper
2026-08-11T15:13:33.831060  [SqlTranslator] translated SQL (isScalar=true):
WITH _cd AS (
  SELECT field_name, field_value
  FROM collected_data
  WHERE id_camp='2' AND id_etab='21739'
    AND id_qst='10502'
    AND id IN (
      SELECT MAX(id) FROM collected_data
      WHERE id_camp='2' AND id_etab='21739'
        AND id_qst='10502'
      GROUP BY UPPER(field_name)
    )
  UNION ALL
  SELECT field_name, field_value
  FROM collected_data
  WHERE id_camp='2' AND id_etab='21739'
    AND id_qst != '10502'
    AND UPPER(field_name) NOT IN (
      SELECT UPPER(field_name) FROM collected_data
      WHERE id_camp='2' AND id_etab='21739'
        AND id_qst='10502'
    )
    AND id IN (
      SELECT MAX(id) FROM collected_data
      WHERE id_camp='2' AND id_etab='21739'
        AND id_qst != '10502'
      GROUP BY UPPER(field_name)
    )
),
DONNEES_ETABLISSEMENT AS (
  SELECT
    MAX(CASE WHEN UPPER(field_name)='CODE_ETABLISSEMENT' THEN field_value END) AS CODE_ETABLISSEMENT,
    MAX(CASE WHEN UPPER(field_name)='CODE_TYPE_ANNEE' THEN field_value END) AS CODE_TYPE_ANNEE,
    MAX(CASE WHEN UPPER(field_name)='CODE_ADMINISTRATIF' THEN field_value END) AS CODE_ADMINISTRATIF,
    MAX(CASE WHEN UPPER(field_name) LIKE 'NB_ENSEIGNANTS_BENEVOLES_0' THEN CAST(field_value AS REAL) END) AS NB_ENSEIGNANTS_BENEVOLES
  FROM _cd
)
SELECT * FROM (
SELECT Sum(NB_ENSEIGNANTS_BENEVOLES) AS SommeDeNB_ENSEIGNANTS_BENEVOLES
FROM DONNEES_ETABLISSEMENT
) _scalar LIMIT 1
2026-08-11T15:13:33.833883  [ThemeRuleEngine] ✓ règle 753 OK (scalar=0.0)
2026-08-11T15:13:33.833940  
[ThemeRuleEngine] --- Règle 754 (ordre=33) ---
2026-08-11T15:13:33.833956  [ThemeRuleEngine] SQL (début): SELECT Sum(DONNEES_ETABLISSEMENT.NB_ENSEIGNANTS_BENEVOLES_F) AS SommeDeNB_ENSEIGNANTS_BENEVOLES_F
FROM DONNEES_ETABLISSEMENT
GROUP BY DONNEES_ETABLISSEMENT.CODE_ETABLISSEMENT, DONNEES_ETABLISSEMENT.
2026-08-11T15:13:33.835414  [ThemeRuleEngine] règle 754 MODE ASSOC → règle associée=51 critere="<="
2026-08-11T15:13:33.837125  [ThemeRuleEngine] règle 754: règle associée 51 introuvable et sql_assoc vide → règle ignorée (pas de fallback EXISTS abusif)
2026-08-11T15:13:33.837183  
[ThemeRuleEngine] --- Règle 755 (ordre=34) ---
2026-08-11T15:13:33.837207  [ThemeRuleEngine] SQL (début): SELECT        SUM(NB_ENSEIGNANTS_BENEVOLES) AS NB_ENSEIGNANTS_BENEVOLES, SUM(NB_ENSEIGNANTS_BENEVOLES_F) AS NB_ENSEIGNANTS_BENEVOLES_F
FROM            dbo.DONNEES_ETABLISSEMENT
WHERE        (CODE_ET
2026-08-11T15:13:33.839790  [SqlTranslator] after param substitution: codeEtab=21739 codeTypeAnnee=21
2026-08-11T15:13:33.839952  [SqlTranslator] fields extracted for CTE: {CODE_ETABLISSEMENT, CODE_TYPE_ANNEE, CODE_ADMINISTRATIF, NB_ENSEIGNANTS_BENEVOLES, NB_ENSEIGNANTS_BENEVOLES_F}
2026-08-11T15:13:33.840110  [SqlTranslator] stripping context-only WHERE:         (CODE_ETABLISSEMENT = 21739 ) AND (CODE_TYPE_ANNEE = 21 )

2026-08-11T15:13:33.840186  [SqlTranslator] translated SQL (isScalar=false):
WITH _cd AS (
  SELECT field_name, field_value
  FROM collected_data
  WHERE id_camp='2' AND id_etab='21739'
    AND id_qst='10502'
    AND id IN (
      SELECT MAX(id) FROM collected_data
      WHERE id_camp='2' AND id_etab='21739'
        AND id_qst='10502'
      GROUP BY UPPER(field_name)
    )
  UNION ALL
  SELECT field_name, field_value
  FROM collected_data
  WHERE id_camp='2' AND id_etab='21739'
    AND id_qst != '10502'
    AND UPPER(field_name) NOT IN (
      SELECT UPPER(field_name) FROM collected_data
      WHERE id_camp='2' AND id_etab='21739'
        AND id_qst='10502'
    )
    AND id IN (
      SELECT MAX(id) FROM collected_data
      WHERE id_camp='2' AND id_etab='21739'
        AND id_qst != '10502'
      GROUP BY UPPER(field_name)
    )
),
DONNEES_ETABLISSEMENT AS (
  SELECT
    MAX(CASE WHEN UPPER(field_name)='CODE_ETABLISSEMENT' THEN field_value END) AS CODE_ETABLISSEMENT,
    MAX(CASE WHEN UPPER(field_name)='CODE_TYPE_ANNEE' THEN field_value END) AS CODE_TYPE_ANNEE,
    MAX(CASE WHEN UPPER(field_name)='CODE_ADMINISTRATIF' THEN field_value END) AS CODE_ADMINISTRATIF,
    MAX(CASE WHEN UPPER(field_name) LIKE 'NB_ENSEIGNANTS_BENEVOLES_0' THEN CAST(field_value AS REAL) END) AS NB_ENSEIGNANTS_BENEVOLES,
    MAX(CASE WHEN UPPER(field_name) LIKE 'NB_ENSEIGNANTS_BENEVOLES_F_0' THEN CAST(field_value AS REAL) END) AS NB_ENSEIGNANTS_BENEVOLES_F
  FROM _cd
)
SELECT COUNT(*) AS cnt FROM (
SELECT        SUM(NB_ENSEIGNANTS_BENEVOLES) AS NB_ENSEIGNANTS_BENEVOLES, SUM(NB_ENSEIGNANTS_BENEVOLES_F) AS NB_ENSEIGNANTS_BENEVOLES_F
FROM            DONNEES_ETABLISSEMENT
GROUP BY NB_ENSEIGNANTS_BENEVOLES, NB_ENSEIGNANTS_BENEVOLES_F
HAVING        (NOT (NB_ENSEIGNANTS_BENEVOLES IS NULL)) AND (NOT (NB_ENSEIGNANTS_BENEVOLES_F IS NULL))
) _violations
2026-08-11T15:13:33.845569  [ThemeRuleEngine] ✓ règle 755 OK (count=0)
2026-08-11T15:13:33.845652  
[ThemeRuleEngine] --- Règle 764 (ordre=35) ---
2026-08-11T15:13:33.845690  [ThemeRuleEngine] SQL (début): SELECT NB_MAITRES_VAC
FROM   dbo.DONNEES_ETABLISSEMENT
WHERE (CODE_ETABLISSEMENT = 21739) AND (CODE_TYPE_ANNEE = 21)
2026-08-11T15:13:33.847886  [SqlTranslator] after param substitution: codeEtab=21739 codeTypeAnnee=21
2026-08-11T15:13:33.848106  [SqlTranslator] fields extracted for CTE: {CODE_ETABLISSEMENT, CODE_TYPE_ANNEE, CODE_ADMINISTRATIF, NB_MAITRES_VAC}
2026-08-11T15:13:33.848236  [SqlTranslator] stripping context-only WHERE:  (CODE_ETABLISSEMENT = 21739) AND (CODE_TYPE_ANNEE = 21)
2026-08-11T15:13:33.848273  [SqlTranslator] SCALAR: building multi-column-safe wrapper
2026-08-11T15:13:33.848295  [SqlTranslator] translated SQL (isScalar=true):
WITH _cd AS (
  SELECT field_name, field_value
  FROM collected_data
  WHERE id_camp='2' AND id_etab='21739'
    AND id_qst='10502'
    AND id IN (
      SELECT MAX(id) FROM collected_data
      WHERE id_camp='2' AND id_etab='21739'
        AND id_qst='10502'
      GROUP BY UPPER(field_name)
    )
  UNION ALL
  SELECT field_name, field_value
  FROM collected_data
  WHERE id_camp='2' AND id_etab='21739'
    AND id_qst != '10502'
    AND UPPER(field_name) NOT IN (
      SELECT UPPER(field_name) FROM collected_data
      WHERE id_camp='2' AND id_etab='21739'
        AND id_qst='10502'
    )
    AND id IN (
      SELECT MAX(id) FROM collected_data
      WHERE id_camp='2' AND id_etab='21739'
        AND id_qst != '10502'
      GROUP BY UPPER(field_name)
    )
),
DONNEES_ETABLISSEMENT AS (
  SELECT
    MAX(CASE WHEN UPPER(field_name)='CODE_ETABLISSEMENT' THEN field_value END) AS CODE_ETABLISSEMENT,
    MAX(CASE WHEN UPPER(field_name)='CODE_TYPE_ANNEE' THEN field_value END) AS CODE_TYPE_ANNEE,
    MAX(CASE WHEN UPPER(field_name)='CODE_ADMINISTRATIF' THEN field_value END) AS CODE_ADMINISTRATIF,
    MAX(CASE WHEN UPPER(field_name) LIKE 'NB_MAITRES_VAC_0' THEN CAST(field_value AS REAL) END) AS NB_MAITRES_VAC
  FROM _cd
)
SELECT * FROM (
SELECT NB_MAITRES_VAC
FROM   DONNEES_ETABLISSEMENT

) _scalar LIMIT 1
2026-08-11T15:13:33.851881  [ThemeRuleEngine] ✓ règle 764 OK (scalar=0.0)
2026-08-11T15:13:33.851926  
[ThemeRuleEngine] === FIN ÉVALUATION idTheme=10502 0 violation(s) ===
